// Jest Snapshot v1, https://goo.gl/fbAQLP

exports[`LoginPage snapshot 1`] = `
<div>
  <div
    class="loginPage"
  >
    <h1
      class="loginPage-title"
    >
      Log in to Adverts
    </h1>
    <form>
      <div
        class="formField loginForm-field"
      >
        <label
          class="formField-label"
        >
          <span>
            Email
          </span>
          <input
            autocomplete="off"
            class="formField-input"
            name="email"
            type="text"
            value=""
          />
        </label>
      </div>
      <div
        class="formField loginForm-field"
      >
        <label
          class="formField-label"
        >
          <span>
            password
          </span>
          <input
            autocomplete="off"
            class="formField-input"
            name="password"
            type="password"
            value=""
          />
        </label>
      </div>
      <div
        class="rememberMe"
      >
        <input
          id="rememberMe"
          name="rememberMe"
          type="checkbox"
        />
        <label
          for="rememberMe"
        >
          Remember me
        </label>
      </div>
      <button
        class="sc-beqWaB fHPURa loginForm-submit"
        disabled=""
        type="submit"
      >
        Log in
      </button>
    </form>
  </div>
</div>
`;
